first trace
100004467854160033000500000000000100000000000000560000000000000054001005000005804e61bc000000000068656c6c6f000000210001802a0000007800000000000000
second trace
1000044678541600210000000000000000ca9a3b0000000033000500000000000100000000000000560000000000000030001100000020006f63616d6c2d747261636500000000004400040500000580a0860100000000006f75746572000000404b4c0000000000440004050000058020bf020000000000696e6e657200000020aa440000000000540010050000058087d612000000000068656c6c6f000000210001802a0000007800000000000000
